2026.09.29 14:05:49 INFO  Started: Metals version 1.6.9 in folders '/Users/erick/Desktop/MIASHS/M1/S1/ProjetWeb/Projet' for client Visual Studio Code 1.139.1.
2026.09.29 14:05:49 INFO  Memory monitor started
2026.09.29 14:05:49 WARN  Using H2 2.5.250 which is newer than the version Flyway has been verified with. The latest verified version of H2 is 2.3.232.
2026.09.29 14:05:49 INFO  no build target found for /Users/erick/Desktop/MIASHS/M1/S1/ProjetWeb/Projet/app/src/main/java/org/example/App.java. Using fallback presentation compiler.
2026.09.29 14:05:51 INFO  no build target found for /Users/erick/Desktop/MIASHS/M1/S1/ProjetWeb/Projet/app/src/main/java/org/example/App.java. Using fallback presentation compiler.
2026.09.29 14:05:56 INFO  no build target found for /Users/erick/Desktop/MIASHS/M1/S1/ProjetWeb/Projet/app/src/main/java/org/example/App.java. Using fallback presentation compiler.
sept. 29, 2026 2:05:56 PM org.eclipse.lsp4j.jsonrpc.services.GenericEndpoint notify
INFOS: Unsupported notification method: $/setTrace
2026.09.29 14:05:56 INFO  no build target found for /Users/erick/Desktop/MIASHS/M1/S1/ProjetWeb/Projet/app/src/main/java/org/example/App.java. Using fallback presentation compiler.
sept. 29, 2026 2:05:57 PM org.eclipse.lsp4j.jsonrpc.services.GenericEndpoint notify
INFOS: Unsupported notification method: $/setTrace
2026.09.29 14:05:57 INFO  no build target found for /Users/erick/Desktop/MIASHS/M1/S1/ProjetWeb/Projet/app/src/main/java/org/example/App.java. Using fallback presentation compiler.
2026.09.29 14:05:57 INFO  no build target found for /Users/erick/Desktop/MIASHS/M1/S1/ProjetWeb/Projet/app/src/main/java/org/example/App.java. Using fallback presentation compiler.
2026.09.29 14:09:25 INFO  Shutting down server
2026.09.29 14:09:25 INFO  Memory monitor stopped
2026.09.29 14:09:25 INFO  shutting down Metals
2026.09.29 14:09:25 INFO  Exiting server
2026.09.29 14:09:25 ERROR Unexpected error initializing server: 
org.eclipse.lsp4j.jsonrpc.ResponseErrorException: Request window/showMessageRequest failed with message: Canceled
	at org.eclipse.lsp4j.jsonrpc.RemoteEndpoint.handleResponse(RemoteEndpoint.java:214)
	at org.eclipse.lsp4j.jsonrpc.RemoteEndpoint.consume(RemoteEndpoint.java:198)
	at org.eclipse.lsp4j.jsonrpc.json.StreamMessageProducer.handleMessage(StreamMessageProducer.java:189)
	at org.eclipse.lsp4j.jsonrpc.json.StreamMessageProducer.listen(StreamMessageProducer.java:97)
	at org.eclipse.lsp4j.jsonrpc.json.ConcurrentMessageProcessor.run(ConcurrentMessageProcessor.java:97)
	at java.util.concurrent.Executors$RunnableAdapter.call(Executors.java:545)
	at java.util.concurrent.FutureTask.run(FutureTask.java:330)
	at java.util.concurrent.ThreadPoolExecutor.runWorker(ThreadPoolExecutor.java:1090)
	at java.util.concurrent.ThreadPoolExecutor$Worker.run(ThreadPoolExecutor.java:614)
	at java.lang.Thread.run(Thread.java:1516)

2026.09.29 14:11:49 INFO  Started: Metals version 1.6.9 in folders '/Users/erick/Desktop/MIASHS/M1/S1/ProjetWeb/Projet' for client Visual Studio Code 1.139.1.
2026.09.29 14:11:49 INFO  Memory monitor started
2026.09.29 14:11:49 WARN  Using H2 2.5.250 which is newer than the version Flyway has been verified with. The latest verified version of H2 is 2.3.232.
2026.09.29 14:11:49 INFO  no build target found for /Users/erick/Desktop/MIASHS/M1/S1/ProjetWeb/Projet/app/src/main/java/org/example/App.java. Using fallback presentation compiler.
2026.09.29 14:11:50 INFO  no build target found for /Users/erick/Desktop/MIASHS/M1/S1/ProjetWeb/Projet/app/src/main/java/org/example/App.java. Using fallback presentation compiler.
2026.09.29 14:11:52 INFO  no build target found for /Users/erick/Desktop/MIASHS/M1/S1/ProjetWeb/Projet/app/src/main/java/org/example/App.java. Using fallback presentation compiler.
sept. 29, 2026 2:11:52 PM org.eclipse.lsp4j.jsonrpc.RemoteEndpoint handleCancellation
AVERTISSEMENT: Unmatched cancel notification for request id 8
2026.09.29 14:11:52 INFO  no build target found for /Users/erick/Desktop/MIASHS/M1/S1/ProjetWeb/Projet/app/src/main/java/org/example/App.java. Using fallback presentation compiler.
2026.09.29 14:11:52 INFO  no build target found for /Users/erick/Desktop/MIASHS/M1/S1/ProjetWeb/Projet/app/src/main/java/org/example/App.java. Using fallback presentation compiler.
2026.09.29 14:11:53 INFO  no build target found for /Users/erick/Desktop/MIASHS/M1/S1/ProjetWeb/Projet/app/src/main/java/org/example/App.java. Using fallback presentation compiler.
2026.09.29 14:11:56 INFO  no build target found for /Users/erick/Desktop/MIASHS/M1/S1/ProjetWeb/Projet/app/src/main/java/org/example/App.java. Using fallback presentation compiler.
2026.09.29 14:11:56 INFO  no build target found for /Users/erick/Desktop/MIASHS/M1/S1/ProjetWeb/Projet/app/src/main/java/org/example/App.java. Using fallback presentation compiler.
2026.09.29 14:11:57 INFO  no build target found for /Users/erick/Desktop/MIASHS/M1/S1/ProjetWeb/Projet/app/src/main/java/org/example/App.java. Using fallback presentation compiler.
2026.09.29 14:12:02 WARN  no build target for: /Users/erick/Desktop/MIASHS/M1/S1/ProjetWeb/Projet/app/src/main/java/org/example/App.java
2026.09.29 14:12:02 INFO  no build target found for /Users/erick/Desktop/MIASHS/M1/S1/ProjetWeb/Projet/app/src/main/java/org/example/App.java. Using fallback presentation compiler.
2026.09.29 14:12:12 INFO  no build target found for /Users/erick/Desktop/MIASHS/M1/S1/ProjetWeb/Projet/app/src/main/java/org/example/App.java. Using fallback presentation compiler.
2026.09.29 14:14:22 WARN  no build target for: /Users/erick/Desktop/MIASHS/M1/S1/ProjetWeb/Projet/app/src/main/java/org/example/App.java
2026.09.29 14:14:22 INFO  no build target found for /Users/erick/Desktop/MIASHS/M1/S1/ProjetWeb/Projet/app/src/main/java/org/example/App.java. Using fallback presentation compiler.
2026.09.29 14:14:22 INFO  no build target found for /Users/erick/Desktop/MIASHS/M1/S1/ProjetWeb/Projet/app/src/main/java/org/example/App.java. Using fallback presentation compiler.
2026.09.29 14:14:22 INFO  no build target found for /Users/erick/Desktop/MIASHS/M1/S1/ProjetWeb/Projet/app/src/main/java/org/example/App.java. Using fallback presentation compiler.
2026.09.29 14:14:22 INFO  no build target found for /Users/erick/Desktop/MIASHS/M1/S1/ProjetWeb/Projet/app/src/main/java/org/example/App.java. Using fallback presentation compiler.
2026.09.29 14:14:22 INFO  no build target found for /Users/erick/Desktop/MIASHS/M1/S1/ProjetWeb/Projet/app/src/main/java/org/example/App.java. Using fallback presentation compiler.
sept. 29, 2026 2:19:02 PM org.eclipse.lsp4j.jsonrpc.services.GenericEndpoint notify
INFOS: Unsupported notification method: $/setTrace
